status file for recon-all
Sat Apr  4 11:28:17 CEST 2026
#@# MotionCor Sat Apr  4 11:28:20 CEST 2026
#@# Talairach Sat Apr  4 11:28:29 CEST 2026
#@# Talairach Failure Detection Sat Apr  4 11:32:52 CEST 2026
#@# Nu Intensity Correction Sat Apr  4 11:32:53 CEST 2026
#@# Intensity Normalization Sat Apr  4 11:36:07 CEST 2026
recon-all -s sub-v1s13x0050005_ses-1 finished without error at Sat Apr  4 11:37:36 CEST 2026



#New# invocation of recon-all 



status file for recon-all
Sat Apr  4 11:44:32 CEST 2026
#@# EM Registration Sat Apr  4 11:44:32 CEST 2026
recon-all -s sub-v1s13x0050005_ses-1 finished without error at Sat Apr  4 11:46:04 CEST 2026



#New# invocation of recon-all 



status file for recon-all
Sat Apr  4 11:46:08 CEST 2026
#@# CA Normalize Sat Apr  4 11:46:08 CEST 2026
#@# CA Reg Sat Apr  4 11:47:28 CEST 2026
#@# SubCort Seg Sat Apr  4 12:31:27 CEST 2026
#@# CC Seg Sat Apr  4 12:59:46 CEST 2026
#@# Merge ASeg Sat Apr  4 13:00:16 CEST 2026
#@# Intensity Normalization2 Sat Apr  4 13:00:16 CEST 2026
#@# Mask BFS Sat Apr  4 13:02:27 CEST 2026
#@# WM Segmentation Sat Apr  4 13:02:28 CEST 2026
#@# Fill Sat Apr  4 13:04:28 CEST 2026
recon-all -s sub-v1s13x0050005_ses-1 finished without error at Sat Apr  4 13:05:28 CEST 2026



#New# invocation of recon-all 



status file for recon-all
Sat Apr  4 15:20:45 CEST 2026
#@# white curv lh Sat Apr  4 15:20:45 CEST 2026
#@# white area lh Sat Apr  4 15:20:45 CEST 2026
#@# pial curv lh Sat Apr  4 15:20:45 CEST 2026
#@# pial area lh Sat Apr  4 15:20:45 CEST 2026
#@# thickness lh Sat Apr  4 15:20:45 CEST 2026
#@# area and vertex vol lh Sat Apr  4 15:20:45 CEST 2026
#@# white curv rh Sat Apr  4 15:20:45 CEST 2026
#@# white area rh Sat Apr  4 15:20:45 CEST 2026
#@# pial curv rh Sat Apr  4 15:20:45 CEST 2026
#@# pial area rh Sat Apr  4 15:20:45 CEST 2026
#@# thickness rh Sat Apr  4 15:20:45 CEST 2026
#@# area and vertex vol rh Sat Apr  4 15:20:45 CEST 2026
#@# Cortical ribbon mask Sat Apr  4 15:20:45 CEST 2026
recon-all -s sub-v1s13x0050005_ses-1 finished without error at Sat Apr  4 15:24:13 CEST 2026



#New# invocation of recon-all 



status file for recon-all
Sat Apr  4 15:30:01 CEST 2026
#@# white curv lh Sat Apr  4 15:30:01 CEST 2026
#@# white area lh Sat Apr  4 15:30:01 CEST 2026
#@# pial curv lh Sat Apr  4 15:30:01 CEST 2026
#@# pial area lh Sat Apr  4 15:30:01 CEST 2026
#@# thickness lh Sat Apr  4 15:30:01 CEST 2026
#@# area and vertex vol lh Sat Apr  4 15:30:01 CEST 2026
#@# white curv rh Sat Apr  4 15:30:01 CEST 2026
#@# white area rh Sat Apr  4 15:30:01 CEST 2026
#@# pial curv rh Sat Apr  4 15:30:01 CEST 2026
#@# pial area rh Sat Apr  4 15:30:01 CEST 2026
#@# thickness rh Sat Apr  4 15:30:01 CEST 2026
#@# area and vertex vol rh Sat Apr  4 15:30:01 CEST 2026
#@# Curvature Stats lh Sat Apr  4 15:30:01 CEST 2026
#@# Curvature Stats rh Sat Apr  4 15:30:03 CEST 2026
#@# Relabel Hypointensities Sat Apr  4 15:30:06 CEST 2026
#@# APas-to-ASeg Sat Apr  4 15:30:20 CEST 2026
#@# AParc-to-ASeg aparc Sat Apr  4 15:30:27 CEST 2026
#@# AParc-to-ASeg aparc.a2009s Sat Apr  4 15:30:54 CEST 2026
#@# AParc-to-ASeg aparc.DKTatlas Sat Apr  4 15:31:21 CEST 2026
#@# WMParc Sat Apr  4 15:31:48 CEST 2026
#@# ASeg Stats Sat Apr  4 15:35:19 CEST 2026
recon-all -s sub-v1s13x0050005_ses-1 finished without error at Sat Apr  4 15:35:49 CEST 2026
