status file for recon-all
Sat Apr  4 13:05:34 CEST 2026
#@# Tessellate lh Sat Apr  4 13:05:34 CEST 2026
#@# Smooth1 lh Sat Apr  4 13:05:38 CEST 2026
#@# Inflation1 lh Sat Apr  4 13:05:41 CEST 2026
#@# QSphere lh Sat Apr  4 13:05:51 CEST 2026
#@# Fix Topology lh Sat Apr  4 13:06:50 CEST 2026
#@# Smooth2 lh Sat Apr  4 14:42:50 CEST 2026
#@# Inflation2 lh Sat Apr  4 14:42:53 CEST 2026
#@# Curv .H and .K lh Sat Apr  4 14:43:05 CEST 2026
#@# Sphere lh Sat Apr  4 14:43:48 CEST 2026
#@# Surf Reg lh Sat Apr  4 14:46:24 CEST 2026
#@# Jacobian white lh Sat Apr  4 14:49:23 CEST 2026
#@# AvgCurv lh Sat Apr  4 14:49:24 CEST 2026
#@# Cortical Parc lh Sat Apr  4 14:49:25 CEST 2026
#@# white curv lh Sat Apr  4 14:54:51 CEST 2026
#@# white area lh Sat Apr  4 14:54:53 CEST 2026
#@# pial curv lh Sat Apr  4 14:54:54 CEST 2026
#@# pial area lh Sat Apr  4 14:54:56 CEST 2026
#@# thickness lh Sat Apr  4 14:54:56 CEST 2026
#@# area and vertex vol lh Sat Apr  4 14:55:23 CEST 2026
#@# Curvature Stats lh Sat Apr  4 14:55:24 CEST 2026
#@# Cortical Parc 2 lh Sat Apr  4 14:55:26 CEST 2026
#@# Cortical Parc 3 lh Sat Apr  4 14:55:39 CEST 2026
#@# WM/GM Contrast lh Sat Apr  4 14:55:48 CEST 2026
recon-all -s sub-v1s13x0050005_ses-1 finished without error at Sat Apr  4 14:55:51 CEST 2026



#New# invocation of recon-all 



status file for recon-all
Sat Apr  4 15:24:17 CEST 2026
#@# white curv lh Sat Apr  4 15:24:17 CEST 2026
#@# white area lh Sat Apr  4 15:24:17 CEST 2026
#@# pial curv lh Sat Apr  4 15:24:17 CEST 2026
#@# pial area lh Sat Apr  4 15:24:17 CEST 2026
#@# thickness lh Sat Apr  4 15:24:17 CEST 2026
#@# area and vertex vol lh Sat Apr  4 15:24:17 CEST 2026
#@# Parcellation Stats lh Sat Apr  4 15:24:17 CEST 2026
#@# Parcellation Stats 2 lh Sat Apr  4 15:24:33 CEST 2026
#@# Parcellation Stats 3 lh Sat Apr  4 15:24:41 CEST 2026
#@# BA_exvivo Labels lh Sat Apr  4 15:24:49 CEST 2026
recon-all -s sub-v1s13x0050005_ses-1 finished without error at Sat Apr  4 15:27:05 CEST 2026
